[0.005s] Invoking command in '/home/zerobx0/ros2_ws/src/kratos-rover/kratos_gui/build/kratos_gui': /usr/bin/cmake /home/zerobx0/ros2_ws/src/kratos-rover/kratos_gui -DCMAKE_INSTALL_PREFIX=/home/zerobx0/ros2_ws/src/kratos-rover/kratos_gui/install/kratos_gui
[0.113s] -- The C compiler identification is GNU 11.4.0
[0.200s] -- The CXX compiler identification is GNU 11.4.0
[0.207s] -- Detecting C compiler ABI info
[0.272s] -- Detecting C compiler ABI info - done
[0.277s] -- Check for working C compiler: /usr/bin/cc - skipped
[0.278s] -- Detecting C compile features
[0.278s] -- Detecting C compile features - done
[0.282s] -- Detecting CXX compiler ABI info
[0.357s] -- Detecting CXX compiler ABI info - done
[0.363s] -- Check for working CXX compiler: /usr/bin/c++ - skipped
[0.364s] -- Detecting CXX compile features
[0.364s] -- Detecting CXX compile features - done
[0.371s] CMake Error at CMakeLists.txt:14 (find_package):
[0.371s]   By not providing "Findament_cmake.cmake" in CMAKE_MODULE_PATH this project
[0.371s]   has asked CMake to find a package configuration file provided by
[0.371s]   "ament_cmake", but CMake did not find one.
[0.371s] 
[0.371s]   Could not find a package configuration file provided by "ament_cmake" with
[0.371s]   any of the following names:
[0.371s] 
[0.371s]     ament_cmakeConfig.cmake
[0.371s]     ament_cmake-config.cmake
[0.371s] 
[0.371s]   Add the installation prefix of "ament_cmake" to CMAKE_PREFIX_PATH or set
[0.371s]   "ament_cmake_DIR" to a directory containing one of the above files.  If
[0.371s]   "ament_cmake" provides a separate development package or SDK, be sure it
[0.371s]   has been installed.
[0.371s] 
[0.371s] 
[0.371s] -- Configuring incomplete, errors occurred!
[0.371s] See also "/home/zerobx0/ros2_ws/src/kratos-rover/kratos_gui/build/kratos_gui/CMakeFiles/CMakeOutput.log".
[0.373s] Invoked command in '/home/zerobx0/ros2_ws/src/kratos-rover/kratos_gui/build/kratos_gui' returned '1': /usr/bin/cmake /home/zerobx0/ros2_ws/src/kratos-rover/kratos_gui -DCMAKE_INSTALL_PREFIX=/home/zerobx0/ros2_ws/src/kratos-rover/kratos_gui/install/kratos_gui
