[0.000000] (-) TimerEvent: {}
[0.000538] (kratos_gui) JobQueued: {'identifier': 'kratos_gui', 'dependencies': OrderedDict()}
[0.000586] (kratos_gui) JobStarted: {'identifier': 'kratos_gui'}
[0.004877] (kratos_gui) JobProgress: {'identifier': 'kratos_gui', 'progress': 'cmake'}
[0.005205] (kratos_gui) Command: {'cmd': ['/usr/bin/cmake', '/home/zerobx0/ros2_ws/src/kratos-rover/kratos_gui', '-DCMAKE_INSTALL_PREFIX=/home/zerobx0/ros2_ws/src/kratos-rover/kratos_gui/install/kratos_gui'], 'cwd': '/home/zerobx0/ros2_ws/src/kratos-rover/kratos_gui/build/kratos_gui', 'env': OrderedDict([('GJS_DEBUG_TOPICS', 'JS ERROR;JS LOG'), ('VSCODE_CWD', '/home/zerobx0'), ('LANGUAGE', 'en_IN:en'), ('USER', 'zerobx0'), ('VSCODE_NLS_CONFIG', '{"userLocale":"en-gb","osLocale":"en-in","resolvedLanguage":"en","defaultMessagesFile":"/usr/share/antigravity/resources/app/out/nls.messages.json","locale":"en-gb","availableLanguages":{}}'), ('XDG_SESSION_TYPE', 'wayland'), ('SHLVL', '0'), ('HOME', '/home/zerobx0'), ('CHROME_DESKTOP', 'antigravity.desktop'), ('DESKTOP_SESSION', 'ubuntu'), ('VSCODE_IPC_HOOK', '/run/user/1000/vscode-1db7881f-1.10-main.sock'), ('GIO_LAUNCHED_DESKTOP_FILE', '/usr/share/applications/antigravity.desktop'), ('GNOME_SHELL_SESSION_MODE', 'ubuntu'), ('GTK_MODULES', 'gail:atk-bridge'), ('PAGER', 'cat'), ('MANAGERPID', '1429'), ('SYSTEMD_EXEC_PID', '1605'), ('DBUS_SESSION_BUS_ADDRESS', 'unix:path=/run/user/1000/bus'), ('ANTIGRAVITY_AGENT', '1'), ('GIO_LAUNCHED_DESKTOP_FILE_PID', '3030'), ('IM_CONFIG_PHASE', '1'), ('WAYLAND_DISPLAY', 'wayland-0'), ('LOGNAME', 'zerobx0'), ('_', '/usr/bin/colcon'), ('JOURNAL_STREAM', '8:3904'), ('XDG_SESSION_CLASS', 'user'), ('USERNAME', 'zerobx0'), ('TERM', 'dumb'), ('GNOME_DESKTOP_SESSION_ID', 'this-is-deprecated'), ('FC_FONTATIONS', '1'), ('ANTIGRAVITY_EDITOR_APP_ROOT', '/usr/share/antigravity/resources/app'), ('PATH', '/home/zerobx0/.local/bin:/usr/local/sbin:/usr/local/bin:/usr/sbin:/usr/bin:/sbin:/bin:/usr/games:/usr/local/games:/snap/bin:/snap/bin'), ('SESSION_MANAGER', 'local/potato:@/tmp/.ICE-unix/1575,unix/potato:/tmp/.ICE-unix/1575'), ('INVOCATION_ID', 'c0978b8fffc84f6dbf82a3b8ea0bc9b1'), ('XDG_MENU_PREFIX', 'gnome-'), ('GNOME_SETUP_DISPLAY', ':1'), ('XDG_RUNTIME_DIR', '/run/user/1000'), ('GDK_BACKEND', 'wayland'), ('DISPLAY', ':0'), ('LANG', 'en_US.UTF-8'), ('XDG_CURRENT_DESKTOP', 'ubuntu:GNOME'), ('XMODIFIERS', '@im=ibus'), ('XDG_SESSION_DESKTOP', 'ubuntu'), ('XAUTHORITY', '/run/user/1000/.mutter-Xwaylandauth.036TN3'), ('SSH_AGENT_LAUNCHER', 'gnome-keyring'), ('SSH_AUTH_SOCK', '/run/user/1000/keyring/ssh'), ('SHELL', '/bin/bash'), ('QT_ACCESSIBILITY', '1'), ('GDMSESSION', 'ubuntu'), ('GJS_DEBUG_OUTPUT', 'stderr'), ('QT_IM_MODULE', 'ibus'), ('ANTIGRAVITY_TRAJECTORY_ID', '0f0e8521-e1e6-4c19-ae38-aa9b5232c8f0'), ('PWD', '/home/zerobx0/ros2_ws/src/kratos-rover/kratos_gui/build/kratos_gui'), ('LC_ALL', 'en_US.UTF-8'), ('XDG_CONFIG_DIRS', '/etc/xdg/xdg-ubuntu:/etc/xdg'), ('VSCODE_CODE_CACHE_PATH', '/home/zerobx0/.config/Antigravity/CachedData/62335c71d47037adf0a8de54e250bb8ea6016b15'), ('XDG_DATA_DIRS', '/usr/share/ubuntu:/usr/local/share/:/usr/share/:/var/lib/snapd/desktop'), ('COLCON', '1'), ('VSCODE_PID', '3030')]), 'shell': False}
[0.099915] (-) TimerEvent: {}
[0.113869] (kratos_gui) StdoutLine: {'line': b'-- The C compiler identification is GNU 11.4.0\n'}
[0.200149] (kratos_gui) StdoutLine: {'line': b'-- The CXX compiler identification is GNU 11.4.0\n'}
[0.200335] (-) TimerEvent: {}
[0.207279] (kratos_gui) StdoutLine: {'line': b'-- Detecting C compiler ABI info\n'}
[0.272028] (kratos_gui) StdoutLine: {'line': b'-- Detecting C compiler ABI info - done\n'}
[0.277699] (kratos_gui) StdoutLine: {'line': b'-- Check for working C compiler: /usr/bin/cc - skipped\n'}
[0.278056] (kratos_gui) StdoutLine: {'line': b'-- Detecting C compile features\n'}
[0.278757] (kratos_gui) StdoutLine: {'line': b'-- Detecting C compile features - done\n'}
[0.282221] (kratos_gui) StdoutLine: {'line': b'-- Detecting CXX compiler ABI info\n'}
[0.300470] (-) TimerEvent: {}
[0.357146] (kratos_gui) StdoutLine: {'line': b'-- Detecting CXX compiler ABI info - done\n'}
[0.363929] (kratos_gui) StdoutLine: {'line': b'-- Check for working CXX compiler: /usr/bin/c++ - skipped\n'}
[0.364113] (kratos_gui) StdoutLine: {'line': b'-- Detecting CXX compile features\n'}
[0.364587] (kratos_gui) StdoutLine: {'line': b'-- Detecting CXX compile features - done\n'}
[0.371422] (kratos_gui) StderrLine: {'line': b'CMake Error at CMakeLists.txt:14 (find_package):\n'}
[0.371521] (kratos_gui) StderrLine: {'line': b'  By not providing "Findament_cmake.cmake" in CMAKE_MODULE_PATH this project\n'}
[0.371561] (kratos_gui) StderrLine: {'line': b'  has asked CMake to find a package configuration file provided by\n'}
[0.371592] (kratos_gui) StderrLine: {'line': b'  "ament_cmake", but CMake did not find one.\n'}
[0.371620] (kratos_gui) StderrLine: {'line': b'\n'}
[0.371649] (kratos_gui) StderrLine: {'line': b'  Could not find a package configuration file provided by "ament_cmake" with\n'}
[0.371678] (kratos_gui) StderrLine: {'line': b'  any of the following names:\n'}
[0.371706] (kratos_gui) StderrLine: {'line': b'\n'}
[0.371733] (kratos_gui) StderrLine: {'line': b'    ament_cmakeConfig.cmake\n'}
[0.371762] (kratos_gui) StderrLine: {'line': b'    ament_cmake-config.cmake\n'}
[0.371790] (kratos_gui) StderrLine: {'line': b'\n'}
[0.371817] (kratos_gui) StderrLine: {'line': b'  Add the installation prefix of "ament_cmake" to CMAKE_PREFIX_PATH or set\n'}
[0.371844] (kratos_gui) StderrLine: {'line': b'  "ament_cmake_DIR" to a directory containing one of the above files.  If\n'}
[0.371870] (kratos_gui) StderrLine: {'line': b'  "ament_cmake" provides a separate development package or SDK, be sure it\n'}
[0.371897] (kratos_gui) StderrLine: {'line': b'  has been installed.\n'}
[0.371923] (kratos_gui) StderrLine: {'line': b'\n'}
[0.371949] (kratos_gui) StderrLine: {'line': b'\n'}
[0.371975] (kratos_gui) StdoutLine: {'line': b'-- Configuring incomplete, errors occurred!\n'}
[0.372013] (kratos_gui) StdoutLine: {'line': b'See also "/home/zerobx0/ros2_ws/src/kratos-rover/kratos_gui/build/kratos_gui/CMakeFiles/CMakeOutput.log".\n'}
[0.373761] (kratos_gui) CommandEnded: {'returncode': 1}
[0.400098] (kratos_gui) JobEnded: {'identifier': 'kratos_gui', 'rc': 1}
[0.400920] (-) TimerEvent: {}
[0.400996] (-) EventReactorShutdown: {}
